
> ai-driven-finance-behaviour@0.1.0 build
> next build

Γû▓ Next.js 16.1.2 (Turbopack)
- Environments: .env.local
- Experiments (use with caution):
  ┬╖ staleTimes

node.exe : ΓÜá The "middleware" file 
convention is deprecated. Please use 
"proxy" instead. Learn more: https://n
extjs.org/docs/messages/middleware-to-
proxy
At C:\Program Files\nodejs\npm.ps1:29 
char:3
+   & $NODE_EXE $NPM_CLI_JS $args
+   ~~~~~~~~~~~~~~~~~~~~~~~~~~~~~
    + CategoryInfo          : NotSpec 
   ified: (ΓÜá The "middle...leware-  
  to-proxy:String) [], RemoteExcept   
 ion
    + FullyQualifiedErrorId : NativeC 
   ommandError
 
  Creating an optimized production build ...
Γ£ô Compiled successfully in 3.5s
  Running TypeScript ...
  Collecting page data using 15 workers ...
  Generating static pages using 15 workers (0/23) ...
  Generating static pages using 15 workers (5/23) 
  Generating static pages using 15 workers (11/23) 
  Generating static pages using 15 workers (17/23) 
Γ£ô Generating static pages using 15 workers (23/23) in 385.5ms
  Finalizing page optimization ...

Route (app)
Γöî Γùï /
Γö£ Γùï /_not-found
Γö£ ╞Æ /api/analyze
Γö£ ╞Æ /api/clerk/organizations
Γö£ ╞Æ /api/dashboard/stats
Γö£ ╞Æ /api/expenses/personal
Γö£ ╞Æ /api/expenses/personal/[id]
Γö£ ╞Æ /api/expenses/personal/delete
Γö£ ╞Æ /api/groups
Γö£ ╞Æ /api/groups/[id]
Γö£ ╞Æ /api/groups/[id]/activities
Γö£ ╞Æ /api/groups/[id]/balances
Γö£ ╞Æ /api/groups/[id]/debt-tree
Γö£ ╞Æ /api/groups/[id]/expenses
Γö£ ╞Æ /api/groups/[id]/expenses/[expenseId]
Γö£ ╞Æ /api/groups/[id]/invites
Γö£ ╞Æ /api/groups/[id]/members
Γö£ ╞Æ /api/groups/[id]/settlements
Γö£ ╞Æ /api/groups/[id]/summary
Γö£ ╞Æ /api/groups/invite
Γö£ ╞Æ /api/income
Γö£ ╞Æ /api/income/[id]
Γö£ ╞Æ /api/income/delete
Γö£ ╞Æ /api/insights/monthly-breakdown
Γö£ ╞Æ /api/invites/[token]
Γö£ ╞Æ /api/invites/[token]/accept
Γö£ ╞Æ /api/personal/stats
Γö£ ╞Æ /api/scan-receipt
Γö£ ╞Æ /api/test-user
Γö£ Γùï /dashboard
Γö£ Γùï /groups
Γö£ Γùï /groups/create
Γö£ Γùï /insights
Γö£ ╞Æ /invite/[token]
Γö£ Γùï /personal
Γö£ ╞Æ /sign-in/[[...sign-in]]
Γö£ ╞Æ /sign-up/[[...sign-up]]
Γöö Γùï /transactions


╞Æ Proxy (Middleware)

Γùï  (Static)   prerendered as static content
╞Æ  (Dynamic)  server-rendered on demand

